// Vitest Snapshot v1, https://vitest.dev/guide/snapshot.html

exports[`buildOrderSummary (golden) > mảng rỗng → chỉ có dòng tổng 0.00 (ca biên) 1`] = `
"------------------------------
TỔNG                     0.00"
`;

exports[`buildOrderSummary (golden) > sắp theo tên, tổng đúng, đầu ra tất định 1`] = `
"Áo thun              x3  360.00
Bánh mì              x2  300.00
Cà phê               x1  250.00
------------------------------
TỔNG                     910.00"
`;
